 
****************************************
Report : area
Design : topcell
Version: I-2013.12-SP3
Date   : Sat Dec 15 17:41:37 2018
****************************************

Information: Updating design information... (UID-85)
Warning: Design 'topcell' contains 1 high-fanout nets. A fanout number of 1000 will be used for delay calculations involving these nets. (TIM-134)
Library(s) Used:

    scc65nll_hs_rvt_ss_v1p08_125c_ccs (File: /net/dellr900b/export/SMIC_65nm_LL/SCC65NLL_HS/SCC65NLL_HS_RVT_syn_V1.1a/SCC65NLL_HS_RVT_V1p1a/synopsys/1.2v/scc65nll_hs_rvt_ss_v1p08_125c_ccs.db)

Number of ports:                           35
Number of nets:                         11302
Number of cells:                        11236
Number of combinational cells:           9587
Number of sequential cells:              1649
Number of macros/black boxes:               0
Number of buf/inv:                       2005
Number of references:                     150

Combinational area:              22645.440211
Buf/Inv area:                     2543.040082
Noncombinational area:           16766.279893
Macro/Black Box area:                0.000000
Net Interconnect area:      undefined  (No wire load specified)

Total cell area:                 39411.720104
Total area:                 undefined
1
